// Jest Snapshot v1, https://goo.gl/fbAQLP

exports[`NavBar component Test Snapshot navBar 1`] = `
<div
  className="makeStyles-root-1"
>
  <header
    className="MuiPaper-root MuiAppBar-root MuiAppBar-positionStatic MuiAppBar-colorPrimary MuiPaper-elevation4"
  >
    <div
      className="MuiToolbar-root MuiToolbar-regular MuiToolbar-gutters"
    >
      <svg
        aria-hidden="true"
        className="MuiSvgIcon-root makeStyles-menuButton-2"
        focusable="false"
        viewBox="0 0 24 24"
      >
        <path
          d="M16.5 6v11.5c0 2.21-1.79 4-4 4s-4-1.79-4-4V5c0-1.38 1.12-2.5 2.5-2.5s2.5 1.12 2.5 2.5v10.5c0 .55-.45 1-1 1s-1-.45-1-1V6H10v9.5c0 1.38 1.12 2.5 2.5 2.5s2.5-1.12 2.5-2.5V5c0-2.21-1.79-4-4-4S7 2.79 7 5v12.5c0 3.04 2.46 5.5 5.5 5.5s5.5-2.46 5.5-5.5V6h-1.5z"
        />
      </svg>
      <h6
        className="MuiTypography-root makeStyles-title-3 MuiTypography-h6"
      >
        Indexation System  
        <sub>
          <i />
        </sub>
      </h6>
      <button
        className="MuiButtonBase-root MuiButton-root MuiButton-text button MuiButton-colorInherit"
        disabled={false}
        onBlur={[Function]}
        onDragLeave={[Function]}
        onFocus={[Function]}
        onKeyDown={[Function]}
        onKeyUp={[Function]}
        onMouseDown={[Function]}
        onMouseLeave={[Function]}
        onMouseUp={[Function]}
        onTouchEnd={[Function]}
        onTouchMove={[Function]}
        onTouchStart={[Function]}
        tabIndex={0}
        type="button"
      >
        <span
          className="MuiButton-label"
        >
          <a
            className="makeStyles-links-4"
            href="/all"
            onClick={[Function]}
          >
            Ver Todos
          </a>
        </span>
      </button>
      <button
        className="MuiButtonBase-root MuiButton-root MuiButton-text button MuiButton-colorInherit"
        disabled={false}
        onBlur={[Function]}
        onDragLeave={[Function]}
        onFocus={[Function]}
        onKeyDown={[Function]}
        onKeyUp={[Function]}
        onMouseDown={[Function]}
        onMouseLeave={[Function]}
        onMouseUp={[Function]}
        onTouchEnd={[Function]}
        onTouchMove={[Function]}
        onTouchStart={[Function]}
        tabIndex={0}
        type="button"
      >
        <span
          className="MuiButton-label"
        >
          <a
            className="makeStyles-links-4"
            href="/"
            onClick={[Function]}
          >
            Agregar
          </a>
        </span>
      </button>
    </div>
  </header>
</div>
`;
